# Neutral OpenLane/KLayout DEF-to-GDS map derived from the provided platform stream-out map.
# Format: lefdef_layer lefdef_purposes gds_layer gds_datatype

SD       NET                      10   0
SD       SPNET                    10   0
SD       PIN                      10   0
SD       PIN                      10   3
SD       FILL                     10   2
SD       VIA                      10   0
SD       LEFOBS                   10   4
CONT     PIN                      30   0
CONT     FILL                     30   2
CONT     VIA                      30   0
GATE     NET                      11   0
GATE     SPNET                    11   0
GATE     PIN                      11   0
GATE     PIN                      11   3
GATE     FILL                     11   2
GATE     VIA                      11   0
GATE     LEFOBS                   11   4
VIA1     PIN                      41   0
VIA1     FILL                     41   2
VIA1     VIA                      41   0
MT1      NET                      20   0
MT1      SPNET                    20   0
MT1      PIN                      20   0
MT1      PIN                      20   3
MT1      FILL                     20   2
MT1      VIA                      20   0
MT1      LEFOBS                   20   4
VIA2     PIN                      42   0
VIA2     FILL                     42   2
VIA2     VIA                      42   0
MT2      NET                      21   0
MT2      SPNET                    21   0
MT2      PIN                      21   0
MT2      PIN                      21   3
MT2      FILL                     21   2
MT2      VIA                      21   0
MT2      LEFOBS                   21   4
DIEAREA  ALL                      150  5
SD       LEFPIN                   10   3
GATE     LEFPIN                   11   3
MT1      LEFPIN                   20   3
MT2      LEFPIN                   21   3
RDL      LEFPIN                   54   3
